Archive member included to satisfy reference by file (symbol)

/home/mint/Documents/gcc-arm-none-eabi-10.3-2021.10-x86_64-linux/gcc-arm-none-eabi-10.3-2021.10/bin/../lib/gcc/arm-none-eabi/10.3.1/thumb/v7e-m/nofp/libgcc.a(_aeabi_uldivmod.o)
                              system/src/stm32f4-hal/stm32f4xx_hal_rcc.o (__aeabi_uldivmod)
/home/mint/Documents/gcc-arm-none-eabi-10.3-2021.10-x86_64-linux/gcc-arm-none-eabi-10.3-2021.10/bin/../lib/gcc/arm-none-eabi/10.3.1/thumb/v7e-m/nofp/libgcc.a(_udivmoddi4.o)
                              /home/mint/Documents/gcc-arm-none-eabi-10.3-2021.10-x86_64-linux/gcc-arm-none-eabi-10.3-2021.10/bin/../lib/gcc/arm-none-eabi/10.3.1/thumb/v7e-m/nofp/libgcc.a(_aeabi_uldivmod.o) (__udivmoddi4)
/home/mint/Documents/gcc-arm-none-eabi-10.3-2021.10-x86_64-linux/gcc-arm-none-eabi-10.3-2021.10/bin/../lib/gcc/arm-none-eabi/10.3.1/thumb/v7e-m/nofp/libgcc.a(_dvmd_tls.o)
                              /home/mint/Documents/gcc-arm-none-eabi-10.3-2021.10-x86_64-linux/gcc-arm-none-eabi-10.3-2021.10/bin/../lib/gcc/arm-none-eabi/10.3.1/thumb/v7e-m/nofp/libgcc.a(_aeabi_uldivmod.o) (__aeabi_ldiv0)
/home/mint/Documents/gcc-arm-none-eabi-10.3-2021.10-x86_64-linux/gcc-arm-none-eabi-10.3-2021.10/bin/../lib/gcc/arm-none-eabi/10.3.1/../../../../arm-none-eabi/lib/thumb/v7e-m/nofp/libg_nano.a(lib_a-errno.o)
                              system/src/newlib/sbrk.o (__errno)
/home/mint/Documents/gcc-arm-none-eabi-10.3-2021.10-x86_64-linux/gcc-arm-none-eabi-10.3-2021.10/bin/../lib/gcc/arm-none-eabi/10.3.1/../../../../arm-none-eabi/lib/thumb/v7e-m/nofp/libg_nano.a(lib_a-impure.o)
                              /home/mint/Documents/gcc-arm-none-eabi-10.3-2021.10-x86_64-linux/gcc-arm-none-eabi-10.3-2021.10/bin/../lib/gcc/arm-none-eabi/10.3.1/../../../../arm-none-eabi/lib/thumb/v7e-m/nofp/libg_nano.a(lib_a-errno.o) (_impure_ptr)
/home/mint/Documents/gcc-arm-none-eabi-10.3-2021.10-x86_64-linux/gcc-arm-none-eabi-10.3-2021.10/bin/../lib/gcc/arm-none-eabi/10.3.1/../../../../arm-none-eabi/lib/thumb/v7e-m/nofp/libg_nano.a(lib_a-strlen.o)
                              system/src/diag/trace.o (strlen)
/home/mint/Documents/gcc-arm-none-eabi-10.3-2021.10-x86_64-linux/gcc-arm-none-eabi-10.3-2021.10/bin/../lib/gcc/arm-none-eabi/10.3.1/../../../../arm-none-eabi/lib/thumb/v7e-m/nofp/libg_nano.a(lib_a-vsnprintf.o)
                              system/src/diag/trace.o (vsnprintf)
/home/mint/Documents/gcc-arm-none-eabi-10.3-2021.10-x86_64-linux/gcc-arm-none-eabi-10.3-2021.10/bin/../lib/gcc/arm-none-eabi/10.3.1/../../../../arm-none-eabi/lib/thumb/v7e-m/nofp/libg_nano.a(lib_a-nano-svfprintf.o)
                              /home/mint/Documents/gcc-arm-none-eabi-10.3-2021.10-x86_64-linux/gcc-arm-none-eabi-10.3-2021.10/bin/../lib/gcc/arm-none-eabi/10.3.1/../../../../arm-none-eabi/lib/thumb/v7e-m/nofp/libg_nano.a(lib_a-vsnprintf.o) (_svfprintf_r)
/home/mint/Documents/gcc-arm-none-eabi-10.3-2021.10-x86_64-linux/gcc-arm-none-eabi-10.3-2021.10/bin/../lib/gcc/arm-none-eabi/10.3.1/../../../../arm-none-eabi/lib/thumb/v7e-m/nofp/libg_nano.a(lib_a-nano-vfprintf_i.o)
                              /home/mint/Documents/gcc-arm-none-eabi-10.3-2021.10-x86_64-linux/gcc-arm-none-eabi-10.3-2021.10/bin/../lib/gcc/arm-none-eabi/10.3.1/../../../../arm-none-eabi/lib/thumb/v7e-m/nofp/libg_nano.a(lib_a-nano-svfprintf.o) (_printf_i)
/home/mint/Documents/gcc-arm-none-eabi-10.3-2021.10-x86_64-linux/gcc-arm-none-eabi-10.3-2021.10/bin/../lib/gcc/arm-none-eabi/10.3.1/../../../../arm-none-eabi/lib/thumb/v7e-m/nofp/libg_nano.a(lib_a-memchr.o)
                              /home/mint/Documents/gcc-arm-none-eabi-10.3-2021.10-x86_64-linux/gcc-arm-none-eabi-10.3-2021.10/bin/../lib/gcc/arm-none-eabi/10.3.1/../../../../arm-none-eabi/lib/thumb/v7e-m/nofp/libg_nano.a(lib_a-nano-svfprintf.o) (memchr)
/home/mint/Documents/gcc-arm-none-eabi-10.3-2021.10-x86_64-linux/gcc-arm-none-eabi-10.3-2021.10/bin/../lib/gcc/arm-none-eabi/10.3.1/../../../../arm-none-eabi/lib/thumb/v7e-m/nofp/libg_nano.a(lib_a-memcpy-stub.o)
                              /home/mint/Documents/gcc-arm-none-eabi-10.3-2021.10-x86_64-linux/gcc-arm-none-eabi-10.3-2021.10/bin/../lib/gcc/arm-none-eabi/10.3.1/../../../../arm-none-eabi/lib/thumb/v7e-m/nofp/libg_nano.a(lib_a-nano-svfprintf.o) (memcpy)
/home/mint/Documents/gcc-arm-none-eabi-10.3-2021.10-x86_64-linux/gcc-arm-none-eabi-10.3-2021.10/bin/../lib/gcc/arm-none-eabi/10.3.1/../../../../arm-none-eabi/lib/thumb/v7e-m/nofp/libg_nano.a(lib_a-memmove.o)
                              /home/mint/Documents/gcc-arm-none-eabi-10.3-2021.10-x86_64-linux/gcc-arm-none-eabi-10.3-2021.10/bin/../lib/gcc/arm-none-eabi/10.3.1/../../../../arm-none-eabi/lib/thumb/v7e-m/nofp/libg_nano.a(lib_a-nano-svfprintf.o) (memmove)
/home/mint/Documents/gcc-arm-none-eabi-10.3-2021.10-x86_64-linux/gcc-arm-none-eabi-10.3-2021.10/bin/../lib/gcc/arm-none-eabi/10.3.1/../../../../arm-none-eabi/lib/thumb/v7e-m/nofp/libg_nano.a(lib_a-nano-freer.o)
[...]
Memory Configuration

Name             Origin             Length             Attributes
RAM              0x0000000020000000 0x0000000000030000 xrw
CCMRAM           0x0000000010000000 0x0000000000010000 xrw
FLASH            0x0000000008000000 0x0000000000100000 xr
FLASHB1          0x0000000000000000 0x0000000000000000 xr
EXTMEMB0         0x0000000000000000 0x0000000000000000 xr
EXTMEMB1         0x0000000000000000 0x0000000000000000 xr
EXTMEMB2         0x0000000000000000 0x0000000000000000 xr
EXTMEMB3         0x0000000000000000 0x0000000000000000 xr
MEMORY_ARRAY     0x0000000020002000 0x0000000000000020 xrw
*default*        0x0000000000000000 0xffffffffffffffff

Linker script and memory map

LOAD src/initialize-hardware.o
LOAD src/led.o
LOAD src/main.o
LOAD src/stm32f4xx_hal_msp.o
LOAD src/timer.o
LOAD src/write.o
LOAD system/src/cmsis/system_stm32f4xx.o
LOAD system/src/cmsis/vectors_stm32f429xx.o
LOAD system/src/cortexm/exception-handlers.o
LOAD system/src/cortexm/initialize-hardware.o
LOAD system/src/cortexm/reset-hardware.o
LOAD system/src/diag/trace-impl.o
LOAD system/src/diag/trace.o
LOAD system/src/newlib/assert.o
LOAD system/src/newlib/cxx.o
LOAD system/src/newlib/exit.o
LOAD system/src/newlib/sbrk.o
LOAD system/src/newlib/startup.o
LOAD system/src/newlib/syscalls.o
LOAD system/src/stm32f4-hal/stm32f4xx_hal.o
LOAD system/src/stm32f4-hal/stm32f4xx_hal_cortex.o
LOAD system/src/stm32f4-hal/stm32f4xx_hal_flash.o
LOAD system/src/stm32f4-hal/stm32f4xx_hal_flash_ex.o
LOAD system/src/stm32f4-hal/stm32f4xx_hal_flash_ramfunc.o
LOAD system/src/stm32f4-hal/stm32f4xx_hal_gpio.o
LOAD system/src/stm32f4-hal/stm32f4xx_hal_iwdg.o
LOAD system/src/stm32f4-hal/stm32f4xx_hal_pwr.o
LOAD system/src/stm32f4-hal/stm32f4xx_hal_rcc.o
LOAD /home/mint/Documents/gcc-arm-none-eabi-10.3-2021.10-x86_64-linux/gcc-arm-none-eabi-10.3-2021.10/bin/../lib/gcc/arm-none-eabi/10.3.1/../../../../arm-none-eabi/lib/thumb/v7e-m/nofp/libstdc++_nano.a
LOAD /home/mint/Documents/gcc-arm-none-eabi-10.3-2021.10-x86_64-linux/gcc-arm-none-eabi-10.3-2021.10/bin/../lib/gcc/arm-none-eabi/10.3.1/../../../../arm-none-eabi/lib/thumb/v7e-m/nofp/libm.a
START GROUP
LOAD /home/mint/Documents/gcc-arm-none-eabi-10.3-2021.10-x86_64-linux/gcc-arm-none-eabi-10.3-2021.10/bin/../lib/gcc/arm-none-eabi/10.3.1/thumb/v7e-m/nofp/libgcc.a
LOAD /home/mint/Documents/gcc-arm-none-eabi-10.3-2021.10-x86_64-linux/gcc-arm-none-eabi-10.3-2021.10/bin/../lib/gcc/arm-none-eabi/10.3.1/../../../../arm-none-eabi/lib/thumb/v7e-m/nofp/libg_nano.a
LOAD /home/mint/Documents/gcc-arm-none-eabi-10.3-2021.10-x86_64-linux/gcc-arm-none-eabi-10.3-2021.10/bin/../lib/gcc/arm-none-eabi/10.3.1/../../../../arm-none-eabi/lib/thumb/v7e-m/nofp/libc_nano.a
END GROUP
START GROUP
LOAD /home/mint/Documents/gcc-arm-none-eabi-10.3-2021.10-x86_64-linux/gcc-arm-none-eabi-10.3-2021.10/bin/../lib/gcc/arm-none-eabi/10.3.1/thumb/v7e-m/nofp/libgcc.a
LOAD /home/mint/Documents/gcc-arm-none-eabi-10.3-2021.10-x86_64-linux/gcc-arm-none-eabi-10.3-2021.10/bin/../lib/gcc/arm-none-eabi/10.3.1/../../../../arm-none-eabi/lib/thumb/v7e-m/nofp/libc_nano.a
END GROUP
                0x0000000020030000                __stack = (ORIGIN (RAM) + LENGTH (RAM))
                0x0000000020030000                _estack = __stack
                0x0000000000000400                __Main_Stack_Size = 0x400
                [!provide]                        PROVIDE (_Main_Stack_Size = __Main_Stack_Size)
                0x000000002002fc00                __Main_Stack_Limit = (__stack - __Main_Stack_Size)
                [!provide]                        PROVIDE (_Main_Stack_Limit = __Main_Stack_Limit)
                0x0000000000000100                _Minimum_Stack_Size = 0x100
                0x000000002000014c                PROVIDE (_Heap_Begin = _end_noinit)
                0x000000002002fc00                PROVIDE (_Heap_Limit = (__stack - __Main_Stack_Size))

.isr_vector     0x0000000008000000      0x40c
 FILL mask 0xff
                0x0000000008000000                __vectors_start = ABSOLUTE (.)
                0x0000000008000000                __vectors_start__ = ABSOLUTE (.)
 *(.isr_vector)
 .isr_vector    0x0000000008000000      0x1ac system/src/cmsis/vectors_stm32f429xx.o
                0x0000000008000000                __isr_vectors
 *(.cfmconfig)
 *(.after_vectors .after_vectors.*)
 .after_vectors
                0x00000000080001ac        0x4 system/src/cmsis/vectors_stm32f429xx.o
                0x00000000080001ac                RTC_Alarm_IRQHandler
                0x00000000080001ac                HASH_RNG_IRQHandler
                0x00000000080001ac                EXTI2_IRQHandler
                0x00000000080001ac                TIM8_CC_IRQHandler
                0x00000000080001ac                UART8_IRQHandler
                0x00000000080001ac                SPI4_IRQHandler
                0x00000000080001ac                TIM1_CC_IRQHandler
                0x00000000080001ac                DMA2_Stream5_IRQHandler
                0x00000000080001ac                DMA1_Stream5_IRQHandler
                0x00000000080001ac                PVD_IRQHandler
                0x00000000080001ac                SDIO_IRQHandler
                0x00000000080001ac                TAMP_STAMP_IRQHandler
                0x00000000080001ac                CAN2_RX1_IRQHandler
                0x00000000080001ac                EXTI3_IRQHandler
                0x00000000080001ac                TIM8_TRG_COM_TIM14_IRQHandler
                0x00000000080001ac                TIM1_UP_TIM10_IRQHandler
                0x00000000080001ac                TIM8_UP_TIM13_IRQHandler
                0x00000000080001ac                I2C3_ER_IRQHandler
                0x00000000080001ac                EXTI0_IRQHandler
                0x00000000080001ac                I2C2_EV_IRQHandler
                0x00000000080001ac                DMA1_Stream2_IRQHandler
                0x00000000080001ac                CAN1_RX0_IRQHandler
                0x00000000080001ac                FPU_IRQHandler
                0x00000000080001ac                OTG_HS_WKUP_IRQHandler
                0x00000000080001ac                LTDC_ER_IRQHandler
                0x00000000080001ac                CAN2_SCE_IRQHandler
                0x00000000080001ac                DMA2_Stream2_IRQHandler
                0x00000000080001ac                SPI1_IRQHandler
                0x00000000080001ac                TIM6_DAC_IRQHandler
                0x00000000080001ac                TIM1_BRK_TIM9_IRQHandler
                0x00000000080001ac                DCMI_IRQHandler
                0x00000000080001ac                CAN2_RX0_IRQHandler
                0x00000000080001ac                DMA2_Stream3_IRQHandler
                0x00000000080001ac                USART6_IRQHandler
                0x00000000080001ac                USART3_IRQHandler
                0x00000000080001ac                CAN1_RX1_IRQHandler
                0x00000000080001ac                UART5_IRQHandler
                0x00000000080001ac                DMA2_Stream0_IRQHandler
                0x00000000080001ac                TIM4_IRQHandler
                0x00000000080001ac                I2C1_EV_IRQHandler
                0x00000000080001ac                DMA1_Stream6_IRQHandler
                0x00000000080001ac                DMA1_Stream1_IRQHandler
                0x00000000080001ac                UART4_IRQHandler
                0x00000000080001ac                TIM3_IRQHandler
                0x00000000080001ac                RCC_IRQHandler
                0x00000000080001ac                TIM8_BRK_TIM12_IRQHandler
                0x00000000080001ac                Default_Handler
                0x00000000080001ac                EXTI15_10_IRQHandler
                0x00000000080001ac                ADC_IRQHandler
                0x00000000080001ac                DMA1_Stream7_IRQHandler
                0x00000000080001ac                SPI5_IRQHandler
                0x00000000080001ac                TIM7_IRQHandler
                0x00000000080001ac                CAN2_TX_IRQHandler
                0x00000000080001ac                TIM5_IRQHandler
                0x00000000080001ac                DMA2_Stream7_IRQHandler
                0x00000000080001ac                I2C3_EV_IRQHandler
                0x00000000080001ac                EXTI9_5_IRQHandler
                0x00000000080001ac                RTC_WKUP_IRQHandler
                0x00000000080001ac                LTDC_IRQHandler
                0x00000000080001ac                ETH_WKUP_IRQHandler
                0x00000000080001ac                SPI2_IRQHandler
                0x00000000080001ac                OTG_HS_EP1_IN_IRQHandler
                0x00000000080001ac                DMA1_Stream0_IRQHandler
                0x00000000080001ac                CAN1_TX_IRQHandler
                0x00000000080001ac                EXTI4_IRQHandler
                0x00000000080001ac                ETH_IRQHandler
                0x00000000080001ac                OTG_HS_EP1_OUT_IRQHandler
                0x00000000080001ac                WWDG_IRQHandler
                0x00000000080001ac                SPI6_IRQHandler
                0x00000000080001ac                TIM2_IRQHandler
                0x00000000080001ac                OTG_FS_WKUP_IRQHandler
                0x00000000080001ac                TIM1_TRG_COM_TIM11_IRQHandler
                0x00000000080001ac                OTG_HS_IRQHandler
                0x00000000080001ac                DMA2D_IRQHandler
                0x00000000080001ac                EXTI1_IRQHandler
                0x00000000080001ac                UART7_IRQHandler
                0x00000000080001ac                USART2_IRQHandler
                0x00000000080001ac                I2C2_ER_IRQHandler
                0x00000000080001ac                DMA2_Stream1_IRQHandler
                0x00000000080001ac                CAN1_SCE_IRQHandler
                0x00000000080001ac                FLASH_IRQHandler
                0x00000000080001ac                DMA2_Stream4_IRQHandler
                0x00000000080001ac                USART1_IRQHandler
                0x00000000080001ac                OTG_FS_IRQHandler
                0x00000000080001ac                SPI3_IRQHandler
                0x00000000080001ac                DMA1_Stream4_IRQHandler
                0x00000000080001ac                I2C1_ER_IRQHandler
                0x00000000080001ac                FMC_IRQHandler
                0x00000000080001ac                DMA2_Stream6_IRQHandler
                0x00000000080001ac                SAI1_IRQHandler
                0x00000000080001ac                DMA1_Stream3_IRQHandler
 .after_vectors
                0x00000000080001b0      0x12c system/src/cortexm/exception-handlers.o
                0x00000000080001b0                Reset_Handler
                0x00000000080001b6                NMI_Handler
                0x00000000080001ba                HardFault_Handler
                0x00000000080001ce                HardFault_Handler_C
                0x000000000800022c                MemManage_Handler
                0x0000000008000230                BusFault_Handler
                0x0000000008000244                BusFault_Handler_C
                0x0000000008000278                UsageFault_Handler
                0x000000000800028c                UsageFault_Handler_C
                0x00000000080002c0                SVC_Handler
                0x00000000080002c4                DebugMon_Handler
                0x00000000080002c8                PendSV_Handler
 .after_vectors
                0x00000000080002dc      0x130 system/src/newlib/startup.o
                0x00000000080002dc                _start

.inits          0x000000000800040c       0x28
                0x000000000800040c                __data_regions_array_start = .
                0x000000000800040c        0x4 LONG 0x8002688 LOADADDR (.data)
                0x0000000008000410        0x4 LONG 0x20000000 ADDR (.data)
                0x0000000008000414        0x4 LONG 0x200000a4 (ADDR (.data) + SIZEOF (.data))
                0x0000000008000418        0x4 LONG 0x8002688 LOADADDR (.data_CCMRAM)
                0x000000000800041c        0x4 LONG 0x10000000 ADDR (.data_CCMRAM)
                0x0000000008000420        0x4 LONG 0x10000000 (ADDR (.data_CCMRAM) + SIZEOF (.data_CCMRAM))
                0x0000000008000424                __data_regions_array_end = .
                0x0000000008000424                __bss_regions_array_start = .
                0x0000000008000424        0x4 LONG 0x200000a4 ADDR (.bss)
                0x0000000008000428        0x4 LONG 0x2000014c (ADDR (.bss) + SIZEOF (.bss))
                0x000000000800042c        0x4 LONG 0x10000000 ADDR (.bss_CCMRAM)
                0x0000000008000430        0x4 LONG 0x10000000 (ADDR (.bss_CCMRAM) + SIZEOF (.bss_CCMRAM))
                0x0000000008000434                __bss_regions_array_end = .
 *(.init)
 *(.fini)
                0x0000000008000434                . = ALIGN (0x4)
                0x0000000008000434                PROVIDE (__preinit_array_start = .)
 *(.preinit_array_sysinit .preinit_array_sysinit.*)
 *(.preinit_array_platform .preinit_array_platform.*)
 *(.preinit_array .preinit_array.*)
                0x0000000008000434                PROVIDE (__preinit_array_end = .)
                0x0000000008000434                . = ALIGN (0x4)
                0x0000000008000434                PROVIDE (__init_array_start = .)
 *(SORT_BY_NAME(.init_array.*))
 *(.init_array)
                0x0000000008000434                PROVIDE (__init_array_end = .)
                0x0000000008000434                . = ALIGN (0x4)
                0x0000000008000434                PROVIDE (__fini_array_start = .)
 *(SORT_BY_NAME(.fini_array.*))
 *(.fini_array)
                0x0000000008000434                PROVIDE (__fini_array_end = .)

.flashtext
 *(.flashtext .flashtext.*)

.text           0x0000000008000440     0x223d
 *(.text .text.*)
 .text.SystemClock_Config
                0x0000000008000440       0xa0 src/initialize-hardware.o
                0x0000000008000440                SystemClock_Config
 .text.__initialize_hardware
                0x00000000080004e0       0x10 src/initialize-hardware.o
                0x00000000080004e0                __initialize_hardware
 .text.assert_failed
                0x00000000080004f0       0x14 src/initialize-hardware.o
                0x00000000080004f0                assert_failed
 .text.blink_led_on
                0x0000000008000504       0x14 src/led.o
                0x0000000008000504                blink_led_on
 .text.blink_led_off
                0x0000000008000518       0x14 src/led.o
                0x0000000008000518                blink_led_off
 .text.blink_led_init
                0x000000000800052c       0x38 src/led.o
                0x000000000800052c                blink_led_init
 .text.main     0x0000000008000564       0xa8 src/main.o
                0x0000000008000564                main
 .text.HAL_MspInit
                0x000000000800060c        0x2 src/stm32f4xx_hal_msp.o
                0x000000000800060c                HAL_MspInit
 *fill*         0x000000000800060e        0x2 
 .text.timer_start
                0x0000000008000610       0x38 src/timer.o
                0x0000000008000610                timer_start
 .text.timer_sleep
                0x0000000008000648       0x14 src/timer.o
                0x0000000008000648                timer_sleep
 .text.timer_tick
                0x000000000800065c       0x14 src/timer.o
                0x000000000800065c                timer_tick
 .text.SysTick_Handler
                0x0000000008000670        0xc src/timer.o
                0x0000000008000670                SysTick_Handler
 .text.SystemInit
                0x000000000800067c       0x10 system/src/cmsis/system_stm32f4xx.o
                0x000000000800067c                SystemInit
 .text.SystemCoreClockUpdate
                0x000000000800068c       0xa0 system/src/cmsis/system_stm32f4xx.o
                0x000000000800068c                SystemCoreClockUpdate
 .text.dumpExceptionStack
                0x000000000800072c       0xf4 system/src/cortexm/exception-handlers.o
                0x000000000800072c                dumpExceptionStack
 .text.isSemihosting
                0x0000000008000820       0x20 system/src/cortexm/exception-handlers.o
                0x0000000008000820                isSemihosting
 .text.__initialize_hardware_early
                0x0000000008000840       0x18 system/src/cortexm/initialize-hardware.o
                0x0000000008000840                __initialize_hardware_early
 .text._trace_write_semihosting_debug
                0x0000000008000858       0x62 system/src/diag/trace-impl.o
 .text.trace_write
                0x00000000080008ba        0x8 system/src/diag/trace-impl.o
                0x00000000080008ba                trace_write
 *fill*         0x00000000080008c2        0x2 
 .text.trace_printf
                0x00000000080008c4       0x34 system/src/diag/trace.o
                0x00000000080008c4                trace_printf
 .text.trace_puts
                0x00000000080008f8       0x20 system/src/diag/trace.o
                0x00000000080008f8                trace_puts
 .text._exit    0x0000000008000918        0x2 system/src/newlib/exit.o
                0x0000000008000918                _exit
 *fill*         0x000000000800091a        0x2 
 .text._sbrk    0x000000000800091c       0x44 system/src/newlib/sbrk.o
                0x000000000800091c                _sbrk
 .text.__initialize_args
                0x0000000008000960       0x10 system/src/newlib/syscalls.o
                0x0000000008000960                __initialize_args
 .text.HAL_InitTick
                0x0000000008000970       0x4c system/src/stm32f4-hal/stm32f4xx_hal.o
                0x0000000008000970                HAL_InitTick
 .text.HAL_Init
                0x00000000080009bc       0x34 system/src/stm32f4-hal/stm32f4xx_hal.o
                0x00000000080009bc                HAL_Init
 .text.HAL_IncTick
                0x00000000080009f0       0x18 system/src/stm32f4-hal/stm32f4xx_hal.o
                0x00000000080009f0                HAL_IncTick
 .text.HAL_GetTick
                0x0000000008000a08        0xc system/src/stm32f4-hal/stm32f4xx_hal.o
                0x0000000008000a08                HAL_GetTick
 .text.HAL_NVIC_SetPriorityGrouping
                0x0000000008000a14       0x3c system/src/stm32f4-hal/stm32f4xx_hal_cortex.o
                0x0000000008000a14                HAL_NVIC_SetPriorityGrouping
 .text.HAL_NVIC_SetPriority
                0x0000000008000a50       0x8c system/src/stm32f4-hal/stm32f4xx_hal_cortex.o
                0x0000000008000a50                HAL_NVIC_SetPriority
 .text.HAL_SYSTICK_Config
                0x0000000008000adc       0x28 system/src/stm32f4-hal/stm32f4xx_hal_cortex.o
                0x0000000008000adc                HAL_SYSTICK_Config
 .text.HAL_SYSTICK_CLKSourceConfig
                0x0000000008000b04       0x3c system/src/stm32f4-hal/stm32f4xx_hal_cortex.o
                0x0000000008000b04                HAL_SYSTICK_CLKSourceConfig
 .text.HAL_GPIO_Init
                0x0000000008000b40      0x320 system/src/stm32f4-hal/stm32f4xx_hal_gpio.o
                0x0000000008000b40                HAL_GPIO_Init
 .text.HAL_GPIO_WritePin
                0x0000000008000e60       0x38 system/src/stm32f4-hal/stm32f4xx_hal_gpio.o
                0x0000000008000e60                HAL_GPIO_WritePin
 .text.HAL_RCC_OscConfig
                0x0000000008000e98      0x4f0 system/src/stm32f4-hal/stm32f4xx_hal_rcc.o
                0x0000000008000e98                HAL_RCC_OscConfig
 .text.HAL_RCC_GetSysClockFreq
                0x0000000008001388       0xd4 system/src/stm32f4-hal/stm32f4xx_hal_rcc.o
                0x0000000008001388                HAL_RCC_GetSysClockFreq
 .text.HAL_RCC_ClockConfig
                0x000000000800145c      0x21c system/src/stm32f4-hal/stm32f4xx_hal_rcc.o
                0x000000000800145c                HAL_RCC_ClockConfig
 .text.HAL_RCC_GetHCLKFreq
                0x0000000008001678        0xc system/src/stm32f4-hal/stm32f4xx_hal_rcc.o
                0x0000000008001678                HAL_RCC_GetHCLKFreq
 .text          0x0000000008001684       0x30 /home/mint/Documents/gcc-arm-none-eabi-10.3-2021.10-x86_64-linux/gcc-arm-none-eabi-10.3-2021.10/bin/../lib/gcc/arm-none-eabi/10.3.1/thumb/v7e-m/nofp/libgcc.a(_aeabi_uldivmod.o)
                0x0000000008001684                __aeabi_uldivmod
 .text          0x00000000080016b4      0x2d0 /home/mint/Documents/gcc-arm-none-eabi-10.3-2021.10-x86_64-linux/gcc-arm-none-eabi-10.3-2021.10/bin/../lib/gcc/arm-none-eabi/10.3.1/thumb/v7e-m/nofp/libgcc.a(_udivmoddi4.o)
                0x00000000080016b4                __udivmoddi4
 .text          0x0000000008001984        0x4 /home/mint/Documents/gcc-arm-none-eabi-10.3-2021.10-x86_64-linux/gcc-arm-none-eabi-10.3-2021.10/bin/../lib/gcc/arm-none-eabi/10.3.1/thumb/v7e-m/nofp/libgcc.a(_dvmd_tls.o)
                0x0000000008001984                __aeabi_ldiv0
                0x0000000008001984                __aeabi_idiv0
 .text.__errno  0x0000000008001988        0xc /home/mint/Documents/gcc-arm-none-eabi-10.3-2021.10-x86_64-linux/gcc-arm-none-eabi-10.3-2021.10/bin/../lib/gcc/arm-none-eabi/10.3.1/../../../../arm-none-eabi/lib/thumb/v7e-m/nofp/libg_nano.a(lib_a-errno.o)
                0x0000000008001988                __errno
 .text          0x0000000008001994       0x10 /home/mint/Documents/gcc-arm-none-eabi-10.3-2021.10-x86_64-linux/gcc-arm-none-eabi-10.3-2021.10/bin/../lib/gcc/arm-none-eabi/10.3.1/../../../../arm-none-eabi/lib/thumb/v7e-m/nofp/libg_nano.a(lib_a-strlen.o)
                0x0000000008001994                strlen
 .text._vsnprintf_r
                0x00000000080019a4       0x56 /home/mint/Documents/gcc-arm-none-eabi-10.3-2021.10-x86_64-linux/gcc-arm-none-eabi-10.3-2021.10/bin/../lib/gcc/arm-none-eabi/10.3.1/../../../../arm-none-eabi/lib/thumb/v7e-m/nofp/libg_nano.a(lib_a-vsnprintf.o)
                0x00000000080019a4                _vsnprintf_r
                0x00000000080019a4                _vsniprintf_r
 *fill*         0x00000000080019fa        0x2 
 .text.vsnprintf
                0x00000000080019fc       0x1c /home/mint/Documents/gcc-arm-none-eabi-10.3-2021.10-x86_64-linux/gcc-arm-none-eabi-10.3-2021.10/bin/../lib/gcc/arm-none-eabi/10.3.1/../../../../arm-none-eabi/lib/thumb/v7e-m/nofp/libg_nano.a(lib_a-vsnprintf.o)
                0x00000000080019fc                vsnprintf
                0x00000000080019fc                vsniprintf
 .text.__ssputs_r
                0x0000000008001a18       0xb6 /home/mint/Documents/gcc-arm-none-eabi-10.3-2021.10-x86_64-linux/gcc-arm-none-eabi-10.3-2021.10/bin/../lib/gcc/arm-none-eabi/10.3.1/../../../../arm-none-eabi/lib/thumb/v7e-m/nofp/libg_nano.a(lib_a-nano-svfprintf.o)
                0x0000000008001a18                __ssputs_r
 *fill*         0x0000000008001ace        0x2 
 .text._svfprintf_r
                0x0000000008001ad0      0x200 /home/mint/Documents/gcc-arm-none-eabi-10.3-2021.10-x86_64-linux/gcc-arm-none-eabi-10.3-2021.10/bin/../lib/gcc/arm-none-eabi/10.3.1/../../../../arm-none-eabi/lib/thumb/v7e-m/nofp/libg_nano.a(lib_a-nano-svfprintf.o)
                0x0000000008001ad0                _svfprintf_r
                0x0000000008001ad0                _svfiprintf_r
 .text._printf_common
                0x0000000008001cd0       0xda /home/mint/Documents/gcc-arm-none-eabi-10.3-2021.10-x86_64-linux/gcc-arm-none-eabi-10.3-2021.10/bin/../lib/gcc/arm-none-eabi/10.3.1/../../../../arm-none-eabi/lib/thumb/v7e-m/nofp/libg_nano.a(lib_a-nano-vfprintf_i.o)
                0x0000000008001cd0                _printf_common
 *fill*         0x0000000008001daa        0x2 
 .text._printf_i
                0x0000000008001dac      0x24c /home/mint/Documents/gcc-arm-none-eabi-10.3-2021.10-x86_64-linux/gcc-arm-none-eabi-10.3-2021.10/bin/../lib/gcc/arm-none-eabi/10.3.1/../../../../arm-none-eabi/lib/thumb/v7e-m/nofp/libg_nano.a(lib_a-nano-vfprintf_i.o)
                0x0000000008001dac                _printf_i
 *fill*         0x0000000008001ff8        0x8 
 .text          0x0000000008002000       0xa0 /home/mint/Documents/gcc-arm-none-eabi-10.3-2021.10-x86_64-linux/gcc-arm-none-eabi-10.3-2021.10/bin/../lib/gcc/arm-none-eabi/10.3.1/../../../../arm-none-eabi/lib/thumb/v7e-m/nofp/libg_nano.a(lib_a-memchr.o)
                0x0000000008002000                memchr
 .text.memcpy   0x00000000080020a0       0x1c /home/mint/Documents/gcc-arm-none-eabi-10.3-2021.10-x86_64-linux/gcc-arm-none-eabi-10.3-2021.10/bin/../lib/gcc/arm-none-eabi/10.3.1/../../../../arm-none-eabi/lib/thumb/v7e-m/nofp/libg_nano.a(lib_a-memcpy-stub.o)
                0x00000000080020a0                memcpy
 .text.memmove  0x00000000080020bc       0x34 /home/mint/Documents/gcc-arm-none-eabi-10.3-2021.10-x86_64-linux/gcc-arm-none-eabi-10.3-2021.10/bin/../lib/gcc/arm-none-eabi/10.3.1/../../../../arm-none-eabi/lib/thumb/v7e-m/nofp/libg_nano.a(lib_a-memmove.o)
                0x00000000080020bc                memmove
 .text._free_r  0x00000000080020f0       0x94 /home/mint/Documents/gcc-arm-none-eabi-10.3-2021.10-x86_64-linux/gcc-arm-none-eabi-10.3-2021.10/bin/../lib/gcc/arm-none-eabi/10.3.1/../../../../arm-none-eabi/lib/thumb/v7e-m/nofp/libg_nano.a(lib_a-nano-freer.o)
                0x00000000080020f0                _free_r
 .text.sbrk_aligned
                0x0000000008002184       0x40 /home/mint/Documents/gcc-arm-none-eabi-10.3-2021.10-x86_64-linux/gcc-arm-none-eabi-10.3-2021.10/bin/../lib/gcc/arm-none-eabi/10.3.1/../../../../arm-none-eabi/lib/thumb/v7e-m/nofp/libg_nano.a(lib_a-nano-mallocr.o)
 .text._malloc_r
                0x00000000080021c4       0xe8 /home/mint/Documents/gcc-arm-none-eabi-10.3-2021.10-x86_64-linux/gcc-arm-none-eabi-10.3-2021.10/bin/../lib/gcc/arm-none-eabi/10.3.1/../../../../arm-none-eabi/lib/thumb/v7e-m/nofp/libg_nano.a(lib_a-nano-mallocr.o)
                0x00000000080021c4                _malloc_r
 .text._realloc_r
                0x00000000080022ac       0x5e /home/mint/Documents/gcc-arm-none-eabi-10.3-2021.10-x86_64-linux/gcc-arm-none-eabi-10.3-2021.10/bin/../lib/gcc/arm-none-eabi/10.3.1/../../../../arm-none-eabi/lib/thumb/v7e-m/nofp/libg_nano.a(lib_a-nano-reallocr.o)
                0x00000000080022ac                _realloc_r
 *fill*         0x000000000800230a        0x2 
 .text._sbrk_r  0x000000000800230c       0x20 /home/mint/Documents/gcc-arm-none-eabi-10.3-2021.10-x86_64-linux/gcc-arm-none-eabi-10.3-2021.10/bin/../lib/gcc/arm-none-eabi/10.3.1/../../../../arm-none-eabi/lib/thumb/v7e-m/nofp/libg_nano.a(lib_a-sbrkr.o)
                0x000000000800230c                _sbrk_r
 .text.__malloc_lock
                0x000000000800232c        0xc /home/mint/Documents/gcc-arm-none-eabi-10.3-2021.10-x86_64-linux/gcc-arm-none-eabi-10.3-2021.10/bin/../lib/gcc/arm-none-eabi/10.3.1/../../../../arm-none-eabi/lib/thumb/v7e-m/nofp/libg_nano.a(lib_a-mlock.o)
                0x000000000800232c                __malloc_lock
 .text.__malloc_unlock
                0x0000000008002338        0xc /home/mint/Documents/gcc-arm-none-eabi-10.3-2021.10-x86_64-linux/gcc-arm-none-eabi-10.3-2021.10/bin/../lib/gcc/arm-none-eabi/10.3.1/../../../../arm-none-eabi/lib/thumb/v7e-m/nofp/libg_nano.a(lib_a-mlock.o)
                0x0000000008002338                __malloc_unlock
 .text._malloc_usable_size_r
                0x0000000008002344       0x10 /home/mint/Documents/gcc-arm-none-eabi-10.3-2021.10-x86_64-linux/gcc-arm-none-eabi-10.3-2021.10/bin/../lib/gcc/arm-none-eabi/10.3.1/../../../../arm-none-eabi/lib/thumb/v7e-m/nofp/libg_nano.a(lib_a-nano-msizer.o)
                0x0000000008002344                _malloc_usable_size_r
 .text.__retarget_lock_acquire_recursive
                0x0000000008002354        0x2 /home/mint/Documents/gcc-arm-none-eabi-10.3-2021.10-x86_64-linux/gcc-arm-none-eabi-10.3-2021.10/bin/../lib/gcc/arm-none-eabi/10.3.1/../../../../arm-none-eabi/lib/thumb/v7e-m/nofp/libg_nano.a(lib_a-lock.o)
                0x0000000008002354                __retarget_lock_acquire_recursive
 .text.__retarget_lock_release_recursive
                0x0000000008002356        0x2 /home/mint/Documents/gcc-arm-none-eabi-10.3-2021.10-x86_64-linux/gcc-arm-none-eabi-10.3-2021.10/bin/../lib/gcc/arm-none-eabi/10.3.1/../../../../arm-none-eabi/lib/thumb/v7e-m/nofp/libg_nano.a(lib_a-lock.o)
                0x0000000008002356                __retarget_lock_release_recursive
 *(.rodata .rodata.* .constdata .constdata.*)
 .rodata.assert_failed.str1.4
                0x0000000008002358       0x2d src/initialize-hardware.o
 *fill*         0x0000000008002385        0x3 
 .rodata.main.str1.4
                0x0000000008002388       0xd8 src/main.o
 .rodata.AHBPrescTable
                0x0000000008002460       0x10 system/src/cmsis/system_stm32f4xx.o
                0x0000000008002460                AHBPrescTable
 .rodata.dumpExceptionStack.str1.4
                0x0000000008002470      0x11a system/src/cortexm/exception-handlers.o
 *fill*         0x000000000800258a        0x2 
 .rodata.str1.4
                0x000000000800258c       0x2a system/src/cortexm/exception-handlers.o
 .rodata.trace_puts.str1.4
                0x00000000080025b6       0x2a system/src/diag/trace.o
                                          0x2 (size before relaxing)
 *fill*         0x00000000080025b6        0x2 
 .rodata.HAL_NVIC_SetPriorityGrouping.str1.4
                0x00000000080025b8       0x31 system/src/stm32f4-hal/stm32f4xx_hal_cortex.o
 *fill*         0x00000000080025e9        0x3 
 .rodata.HAL_GPIO_Init.str1.4
                0x00000000080025ec       0x2f system/src/stm32f4-hal/stm32f4xx_hal_gpio.o
 *fill*         0x000000000800261b        0x1 
 .rodata.HAL_RCC_OscConfig.str1.4
                0x000000000800261c       0x2e system/src/stm32f4-hal/stm32f4xx_hal_rcc.o
 .rodata._svfprintf_r.str1.1
                0x000000000800264a       0x11 /home/mint/Documents/gcc-arm-none-eabi-10.3-2021.10-x86_64-linux/gcc-arm-none-eabi-10.3-2021.10/bin/../lib/gcc/arm-none-eabi/10.3.1/../../../../arm-none-eabi/lib/thumb/v7e-m/nofp/libg_nano.a(lib_a-nano-svfprintf.o)
 .rodata._printf_i.str1.1
                0x000000000800265b       0x22 /home/mint/Documents/gcc-arm-none-eabi-10.3-2021.10-x86_64-linux/gcc-arm-none-eabi-10.3-2021.10/bin/../lib/gcc/arm-none-eabi/10.3.1/../../../../arm-none-eabi/lib/thumb/v7e-m/nofp/libg_nano.a(lib_a-nano-vfprintf_i.o)
 *(vtable)
 *(.eh_frame*)
 *(.glue_7)
 .glue_7        0x000000000800267d        0x0 linker stubs
 *(.glue_7t)
 .glue_7t       0x000000000800267d        0x0 linker stubs

.vfp11_veneer   0x0000000008002680        0x0
 .vfp11_veneer  0x0000000008002680        0x0 linker stubs

.v4_bx          0x0000000008002680        0x0
 .v4_bx         0x0000000008002680        0x0 linker stubs

.iplt           0x0000000008002680        0x0
 .iplt          0x0000000008002680        0x0 src/initialize-hardware.o

.ARM.extab
 *(.ARM.extab* .gnu.linkonce.armextab.*)
                0x0000000008002680                . = ALIGN (0x4)
                0x0000000008002680                __exidx_start = .

.ARM.exidx      0x0000000008002680        0x8
 *(.ARM.exidx* .gnu.linkonce.armexidx.*)
 .ARM.exidx     0x0000000008002680        0x8 /home/mint/Documents/gcc-arm-none-eabi-10.3-2021.10-x86_64-linux/gcc-arm-none-eabi-10.3-2021.10/bin/../lib/gcc/arm-none-eabi/10.3.1/thumb/v7e-m/nofp/libgcc.a(_udivmoddi4.o)
                0x0000000008002688                __exidx_end = .

.rel.dyn        0x0000000008002688        0x0
 .rel.iplt      0x0000000008002688        0x0 src/initialize-hardware.o
                0x0000000008002688                . = ALIGN (0x4)
                0x0000000008002688                _etext = .
                0x0000000008002688                __etext = .

.data_CCMRAM    0x0000000010000000        0x0 load address 0x0000000008002688
 FILL mask 0xff
 *(.data.CCMRAM .data.CCMRAM.*)
                0x0000000010000000                . = ALIGN (0x4)
                0x0000000008002688                _sidata = LOADADDR (.data)

.data           0x0000000020000000       0xa4 load address 0x0000000008002688
 FILL mask 0xff
                0x0000000020000000                _sdata = .
                0x0000000020000000                __data_start__ = .
 *(.data_begin .data_begin.*)
 .data_begin    0x0000000020000000        0x4 system/src/newlib/startup.o
 *(.data .data.*)
 .data.temperature
                0x0000000020000004       0x24 src/main.o
                0x0000000020000004                temperature
 .data.SystemCoreClock
                0x0000000020000028        0x4 system/src/cmsis/system_stm32f4xx.o
                0x0000000020000028                SystemCoreClock
 .data.argv.1   0x000000002000002c        0x8 system/src/newlib/syscalls.o
 .data.uwTickFreq
                0x0000000020000034        0x1 system/src/stm32f4-hal/stm32f4xx_hal.o
                0x0000000020000034                uwTickFreq
 *fill*         0x0000000020000035        0x3 ff
 .data.uwTickPrio
                0x0000000020000038        0x4 system/src/stm32f4-hal/stm32f4xx_hal.o
                0x0000000020000038                uwTickPrio
 .data._impure_ptr
                0x000000002000003c        0x4 /home/mint/Documents/gcc-arm-none-eabi-10.3-2021.10-x86_64-linux/gcc-arm-none-eabi-10.3-2021.10/bin/../lib/gcc/arm-none-eabi/10.3.1/../../../../arm-none-eabi/lib/thumb/v7e-m/nofp/libg_nano.a(lib_a-impure.o)
                0x000000002000003c                _impure_ptr
 .data.impure_data
                0x0000000020000040       0x60 /home/mint/Documents/gcc-arm-none-eabi-10.3-2021.10-x86_64-linux/gcc-arm-none-eabi-10.3-2021.10/bin/../lib/gcc/arm-none-eabi/10.3.1/../../../../arm-none-eabi/lib/thumb/v7e-m/nofp/libg_nano.a(lib_a-impure.o)
 *(.data_end .data_end.*)
 .data_end      0x00000000200000a0        0x4 system/src/newlib/startup.o
                0x00000000200000a4                . = ALIGN (0x4)
                0x00000000200000a4                _edata = .
                0x00000000200000a4                __data_end__ = .

.igot.plt       0x00000000200000a4        0x0 load address 0x000000000800272c
 .igot.plt      0x00000000200000a4        0x0 src/initialize-hardware.o

.bss_CCMRAM     0x0000000010000000        0x0
 *(.bss.CCMRAM .bss.CCMRAM.*)

.bss            0x00000000200000a4       0xa8
                0x00000000200000a4                __bss_start__ = .
                0x00000000200000a4                _sbss = .
 *(.bss_begin .bss_begin.*)
 .bss_begin     0x00000000200000a4        0x4 system/src/newlib/startup.o
 *(.bss .bss.*)
 .bss.timer_delayCount
                0x00000000200000a8        0x4 src/timer.o
                0x00000000200000a8                timer_delayCount
 .bss.buf.0     0x00000000200000ac       0x80 system/src/diag/trace.o
 .bss.current_heap_end.0
                0x000000002000012c        0x4 system/src/newlib/sbrk.o
 .bss.errno     0x0000000020000130        0x4 system/src/newlib/syscalls.o
                0x0000000020000130                errno
 .bss.name.0    0x0000000020000134        0x1 system/src/newlib/syscalls.o
 *fill*         0x0000000020000135        0x3 
 .bss.uwTick    0x0000000020000138        0x4 system/src/stm32f4-hal/stm32f4xx_hal.o
                0x0000000020000138                uwTick
 .bss.__malloc_free_list
                0x000000002000013c        0x4 /home/mint/Documents/gcc-arm-none-eabi-10.3-2021.10-x86_64-linux/gcc-arm-none-eabi-10.3-2021.10/bin/../lib/gcc/arm-none-eabi/10.3.1/../../../../arm-none-eabi/lib/thumb/v7e-m/nofp/libg_nano.a(lib_a-nano-mallocr.o)
                0x000000002000013c                __malloc_free_list
 .bss.__malloc_sbrk_start
                0x0000000020000140        0x4 /home/mint/Documents/gcc-arm-none-eabi-10.3-2021.10-x86_64-linux/gcc-arm-none-eabi-10.3-2021.10/bin/../lib/gcc/arm-none-eabi/10.3.1/../../../../arm-none-eabi/lib/thumb/v7e-m/nofp/libg_nano.a(lib_a-nano-mallocr.o)
                0x0000000020000140                __malloc_sbrk_start
 .bss.__lock___malloc_recursive_mutex
                0x0000000020000144        0x1 /home/mint/Documents/gcc-arm-none-eabi-10.3-2021.10-x86_64-linux/gcc-arm-none-eabi-10.3-2021.10/bin/../lib/gcc/arm-none-eabi/10.3.1/../../../../arm-none-eabi/lib/thumb/v7e-m/nofp/libg_nano.a(lib_a-lock.o)
                0x0000000020000144                __lock___malloc_recursive_mutex
 *(COMMON)
 *(.bss_end .bss_end.*)
 *fill*         0x0000000020000145        0x3 
 .bss_end       0x0000000020000148        0x4 system/src/newlib/startup.o
                0x000000002000014c                . = ALIGN (0x4)
                0x000000002000014c                __bss_end__ = .
                0x000000002000014c                _ebss = .

.noinit_CCMRAM
 *(.noinit.CCMRAM .noinit.CCMRAM.*)

.noinit         0x000000002000014c        0x0
                0x000000002000014c                _noinit = .
 *(.noinit .noinit.*)
                0x000000002000014c                . = ALIGN (0x4)
                0x000000002000014c                _end_noinit = .
                [!provide]                        PROVIDE (end = _end_noinit)
                [!provide]                        PROVIDE (_end = _end_noinit)
                [!provide]                        PROVIDE (__end = _end_noinit)
                [!provide]                        PROVIDE (__end__ = _end_noinit)

._check_stack   0x000000002000014c      0x100
                0x000000002000024c                . = (. + _Minimum_Stack_Size)
 *fill*         0x000000002000014c      0x100 

.b1text
 *(.b1text)
 *(.b1rodata)
 *(.b1rodata.*)

.eb0text
 *(.eb0text)
 *(.eb0rodata)
 *(.eb0rodata.*)

.eb1text
 *(.eb1text)
 *(.eb1rodata)
 *(.eb1rodata.*)

.eb2text
 *(.eb2text)
 *(.eb2rodata)
 *(.eb2rodata.*)

.eb3text
 *(.eb3text)
 *(.eb3rodata)
 *(.eb3rodata.*)

.stab
 *(.stab)

.stabstr
 *(.stabstr)

.stab.excl
 *(.stab.excl)

.stab.exclstr
 *(.stab.exclstr)

.stab.index
 *(.stab.index)

.stab.indexstr
 *(.stab.indexstr)

.comment        0x0000000000000000       0x49
 *(.comment)
 .comment       0x0000000000000000       0x49 src/initialize-hardware.o
                                         0x4a (size before relaxing)
 .comment       0x0000000000000049       0x4a src/led.o
 .comment       0x0000000000000049       0x4a src/main.o
 .comment       0x0000000000000049       0x4a src/stm32f4xx_hal_msp.o
 .comment       0x0000000000000049       0x4a src/timer.o
 .comment       0x0000000000000049       0x4a system/src/cmsis/system_stm32f4xx.o
 .comment       0x0000000000000049       0x4a system/src/cmsis/vectors_stm32f429xx.o
 .comment       0x0000000000000049       0x4a system/src/cortexm/exception-handlers.o
 .comment       0x0000000000000049       0x4a system/src/cortexm/initialize-hardware.o
 .comment       0x0000000000000049       0x4a system/src/diag/trace-impl.o
 .comment       0x0000000000000049       0x4a system/src/diag/trace.o
 .comment       0x0000000000000049       0x4a system/src/newlib/exit.o
 .comment       0x0000000000000049       0x4a system/src/newlib/sbrk.o
 .comment       0x0000000000000049       0x4a system/src/newlib/startup.o
 .comment       0x0000000000000049       0x4a system/src/newlib/syscalls.o
 .comment       0x0000000000000049       0x4a system/src/stm32f4-hal/stm32f4xx_hal.o
 .comment       0x0000000000000049       0x4a system/src/stm32f4-hal/stm32f4xx_hal_cortex.o
 .comment       0x0000000000000049       0x4a system/src/stm32f4-hal/stm32f4xx_hal_gpio.o
 .comment       0x0000000000000049       0x4a system/src/stm32f4-hal/stm32f4xx_hal_rcc.o

.ARM.attributes
                0x0000000000000000       0x2c
 .ARM.attributes
                0x0000000000000000       0x2e src/initialize-hardware.o
 .ARM.attributes
                0x000000000000002e       0x2e src/led.o
 .ARM.attributes
                0x000000000000005c       0x2e src/main.o
 .ARM.attributes
                0x000000000000008a       0x2e src/stm32f4xx_hal_msp.o
 .ARM.attributes
                0x00000000000000b8       0x2e src/timer.o
 .ARM.attributes
                0x00000000000000e6       0x2e system/src/cmsis/system_stm32f4xx.o
 .ARM.attributes
                0x0000000000000114       0x2e system/src/cmsis/vectors_stm32f429xx.o
 .ARM.attributes
                0x0000000000000142       0x2e system/src/cortexm/exception-handlers.o
 .ARM.attributes
                0x0000000000000170       0x2e system/src/cortexm/initialize-hardware.o
 .ARM.attributes
                0x000000000000019e       0x2e system/src/diag/trace-impl.o
 .ARM.attributes
                0x00000000000001cc       0x2e system/src/diag/trace.o
 .ARM.attributes
                0x00000000000001fa       0x2e system/src/newlib/exit.o
 .ARM.attributes
                0x0000000000000228       0x2e system/src/newlib/sbrk.o
 .ARM.attributes
                0x0000000000000256       0x2e system/src/newlib/startup.o
 .ARM.attributes
                0x0000000000000284       0x2e system/src/newlib/syscalls.o
 .ARM.attributes
                0x00000000000002b2       0x2e system/src/stm32f4-hal/stm32f4xx_hal.o
 .ARM.attributes
                0x00000000000002e0       0x2e system/src/stm32f4-hal/stm32f4xx_hal_cortex.o
 .ARM.attributes
                0x000000000000030e       0x2e system/src/stm32f4-hal/stm32f4xx_hal_gpio.o
 .ARM.attributes
                0x000000000000033c       0x2e system/src/stm32f4-hal/stm32f4xx_hal_rcc.o
 .ARM.attributes
                0x000000000000036a       0x1e /home/mint/Documents/gcc-arm-none-eabi-10.3-2021.10-x86_64-linux/gcc-arm-none-eabi-10.3-2021.10/bin/../lib/gcc/arm-none-eabi/10.3.1/thumb/v7e-m/nofp/libgcc.a(_aeabi_uldivmod.o)
 .ARM.attributes
                0x0000000000000388       0x2e /home/mint/Documents/gcc-arm-none-eabi-10.3-2021.10-x86_64-linux/gcc-arm-none-eabi-10.3-2021.10/bin/../lib/gcc/arm-none-eabi/10.3.1/thumb/v7e-m/nofp/libgcc.a(_udivmoddi4.o)
 .ARM.attributes
                0x00000000000003b6       0x1e /home/mint/Documents/gcc-arm-none-eabi-10.3-2021.10-x86_64-linux/gcc-arm-none-eabi-10.3-2021.10/bin/../lib/gcc/arm-none-eabi/10.3.1/thumb/v7e-m/nofp/libgcc.a(_dvmd_tls.o)
 .ARM.attributes
                0x00000000000003d4       0x2e /home/mint/Documents/gcc-arm-none-eabi-10.3-2021.10-x86_64-linux/gcc-arm-none-eabi-10.3-2021.10/bin/../lib/gcc/arm-none-eabi/10.3.1/../../../../arm-none-eabi/lib/thumb/v7e-m/nofp/libg_nano.a(lib_a-errno.o)
 .ARM.attributes
                0x0000000000000402       0x2e /home/mint/Documents/gcc-arm-none-eabi-10.3-2021.10-x86_64-linux/gcc-arm-none-eabi-10.3-2021.10/bin/../lib/gcc/arm-none-eabi/10.3.1/../../../../arm-none-eabi/lib/thumb/v7e-m/nofp/libg_nano.a(lib_a-impure.o)
 .ARM.attributes
                0x0000000000000430       0x17 /home/mint/Documents/gcc-arm-none-eabi-10.3-2021.10-x86_64-linux/gcc-arm-none-eabi-10.3-2021.10/bin/../lib/gcc/arm-none-eabi/10.3.1/../../../../arm-none-eabi/lib/thumb/v7e-m/nofp/libg_nano.a(lib_a-strlen.o)
 .ARM.attributes
                0x0000000000000447       0x2e /home/mint/Documents/gcc-arm-none-eabi-10.3-2021.10-x86_64-linux/gcc-arm-none-eabi-10.3-2021.10/bin/../lib/gcc/arm-none-eabi/10.3.1/../../../../arm-none-eabi/lib/thumb/v7e-m/nofp/libg_nano.a(lib_a-vsnprintf.o)
 .ARM.attributes
                0x0000000000000475       0x2e /home/mint/Documents/gcc-arm-none-eabi-10.3-2021.10-x86_64-linux/gcc-arm-none-eabi-10.3-2021.10/bin/../lib/gcc/arm-none-eabi/10.3.1/../../../../arm-none-eabi/lib/thumb/v7e-m/nofp/libg_nano.a(lib_a-nano-svfprintf.o)
 .ARM.attributes
                0x00000000000004a3       0x2e /home/mint/Documents/gcc-arm-none-eabi-10.3-2021.10-x86_64-linux/gcc-arm-none-eabi-10.3-2021.10/bin/../lib/gcc/arm-none-eabi/10.3.1/../../../../arm-none-eabi/lib/thumb/v7e-m/nofp/libg_nano.a(lib_a-nano-vfprintf_i.o)
 .ARM.attributes
                0x00000000000004d1       0x1c /home/mint/Documents/gcc-arm-none-eabi-10.3-2021.10-x86_64-linux/gcc-arm-none-eabi-10.3-2021.10/bin/../lib/gcc/arm-none-eabi/10.3.1/../../../../arm-none-eabi/lib/thumb/v7e-m/nofp/libg_nano.a(lib_a-memchr.o)
 .ARM.attributes
                0x00000000000004ed       0x2e /home/mint/Documents/gcc-arm-none-eabi-10.3-2021.10-x86_64-linux/gcc-arm-none-eabi-10.3-2021.10/bin/../lib/gcc/arm-none-eabi/10.3.1/../../../../arm-none-eabi/lib/thumb/v7e-m/nofp/libg_nano.a(lib_a-memcpy-stub.o)
 .ARM.attributes
                0x000000000000051b       0x2e /home/mint/Documents/gcc-arm-none-eabi-10.3-2021.10-x86_64-linux/gcc-arm-none-eabi-10.3-2021.10/bin/../lib/gcc/arm-none-eabi/10.3.1/../../../../arm-none-eabi/lib/thumb/v7e-m/nofp/libg_nano.a(lib_a-memmove.o)
 .ARM.attributes
                0x0000000000000549       0x2e /home/mint/Documents/gcc-arm-none-eabi-10.3-2021.10-x86_64-linux/gcc-arm-none-eabi-10.3-2021.10/bin/../lib/gcc/arm-none-eabi/10.3.1/../../../../arm-none-eabi/lib/thumb/v7e-m/nofp/libg_nano.a(lib_a-nano-freer.o)
 .ARM.attributes
                0x0000000000000577       0x2e /home/mint/Documents/gcc-arm-none-eabi-10.3-2021.10-x86_64-linux/gcc-arm-none-eabi-10.3-2021.10/bin/../lib/gcc/arm-none-eabi/10.3.1/../../../../arm-none-eabi/lib/thumb/v7e-m/nofp/libg_nano.a(lib_a-nano-mallocr.o)
 .ARM.attributes
                0x00000000000005a5       0x2e /home/mint/Documents/gcc-arm-none-eabi-10.3-2021.10-x86_64-linux/gcc-arm-none-eabi-10.3-2021.10/bin/../lib/gcc/arm-none-eabi/10.3.1/../../../../arm-none-eabi/lib/thumb/v7e-m/nofp/libg_nano.a(lib_a-nano-reallocr.o)
 .ARM.attributes
                0x00000000000005d3       0x2e /home/mint/Documents/gcc-arm-none-eabi-10.3-2021.10-x86_64-linux/gcc-arm-none-eabi-10.3-2021.10/bin/../lib/gcc/arm-none-eabi/10.3.1/../../../../arm-none-eabi/lib/thumb/v7e-m/nofp/libg_nano.a(lib_a-sbrkr.o)
 .ARM.attributes
                0x0000000000000601       0x2e /home/mint/Documents/gcc-arm-none-eabi-10.3-2021.10-x86_64-linux/gcc-arm-none-eabi-10.3-2021.10/bin/../lib/gcc/arm-none-eabi/10.3.1/../../../../arm-none-eabi/lib/thumb/v7e-m/nofp/libg_nano.a(lib_a-mlock.o)
 .ARM.attributes
                0x000000000000062f       0x2e /home/mint/Documents/gcc-arm-none-eabi-10.3-2021.10-x86_64-linux/gcc-arm-none-eabi-10.3-2021.10/bin/../lib/gcc/arm-none-eabi/10.3.1/../../../../arm-none-eabi/lib/thumb/v7e-m/nofp/libg_nano.a(lib_a-nano-msizer.o)
 .ARM.attributes
                0x000000000000065d       0x2e /home/mint/Documents/gcc-arm-none-eabi-10.3-2021.10-x86_64-linux/gcc-arm-none-eabi-10.3-2021.10/bin/../lib/gcc/arm-none-eabi/10.3.1/../../../../arm-none-eabi/lib/thumb/v7e-m/nofp/libg_nano.a(lib_a-lock.o)

.debug
 *(.debug)

.line
 *(.line)

.debug_srcinfo
 *(.debug_srcinfo)

.debug_sfnames
 *(.debug_sfnames)

.debug_aranges  0x0000000000000000      0x598
 *(.debug_aranges)
 .debug_aranges
                0x0000000000000000       0x30 src/initialize-hardware.o
 .debug_aranges
                0x0000000000000030       0x30 src/led.o
 .debug_aranges
                0x0000000000000060       0x20 src/main.o
 .debug_aranges
                0x0000000000000080       0x38 src/stm32f4xx_hal_msp.o
 .debug_aranges
                0x00000000000000b8       0x38 src/timer.o
 .debug_aranges
                0x00000000000000f0       0x28 system/src/cmsis/system_stm32f4xx.o
 .debug_aranges
                0x0000000000000118       0x20 system/src/cmsis/vectors_stm32f429xx.o
 .debug_aranges
                0x0000000000000138       0x90 system/src/cortexm/exception-handlers.o
 .debug_aranges
                0x00000000000001c8       0x28 system/src/cortexm/initialize-hardware.o
 .debug_aranges
                0x00000000000001f0       0x30 system/src/diag/trace-impl.o
 .debug_aranges
                0x0000000000000220       0x38 system/src/diag/trace.o
 .debug_aranges
                0x0000000000000258       0x28 system/src/newlib/exit.o
 .debug_aranges
                0x0000000000000280       0x20 system/src/newlib/sbrk.o
 .debug_aranges
                0x00000000000002a0       0x40 system/src/newlib/startup.o
 .debug_aranges
                0x00000000000002e0       0x30 system/src/newlib/syscalls.o
 .debug_aranges
                0x0000000000000310      0x100 system/src/stm32f4-hal/stm32f4xx_hal.o
 .debug_aranges
                0x0000000000000410       0xa8 system/src/stm32f4-hal/stm32f4xx_hal_cortex.o
 .debug_aranges
                0x00000000000004b8       0x58 system/src/stm32f4-hal/stm32f4xx_hal_gpio.o
 .debug_aranges
                0x0000000000000510       0x88 system/src/stm32f4-hal/stm32f4xx_hal_rcc.o

.debug_pubnames
 *(.debug_pubnames)

.debug_info     0x0000000000000000     0x6b02
 *(.debug_info .gnu.linkonce.wi.*)
 .debug_info    0x0000000000000000      0x59f src/initialize-hardware.o
 .debug_info    0x000000000000059f      0x45c src/led.o
 .debug_info    0x00000000000009fb      0x25f src/main.o
 .debug_info    0x0000000000000c5a       0xbf src/stm32f4xx_hal_msp.o
 .debug_info    0x0000000000000d19      0x79b src/timer.o
 .debug_info    0x00000000000014b4      0x540 system/src/cmsis/system_stm32f4xx.o
 .debug_info    0x00000000000019f4       0xce system/src/cmsis/vectors_stm32f429xx.o
 .debug_info    0x0000000000001ac2      0x983 system/src/cortexm/exception-handlers.o
 .debug_info    0x0000000000002445      0x2b3 system/src/cortexm/initialize-hardware.o
 .debug_info    0x00000000000026f8      0x320 system/src/diag/trace-impl.o
 .debug_info    0x0000000000002a18      0x30b system/src/diag/trace.o
 .debug_info    0x0000000000002d23       0xf2 system/src/newlib/exit.o
 .debug_info    0x0000000000002e15      0x112 system/src/newlib/sbrk.o
 .debug_info    0x0000000000002f27      0x573 system/src/newlib/startup.o
 .debug_info    0x000000000000349a      0x1d5 system/src/newlib/syscalls.o
 .debug_info    0x000000000000366f      0xa97 system/src/stm32f4-hal/stm32f4xx_hal.o
 .debug_info    0x0000000000004106     0x1346 system/src/stm32f4-hal/stm32f4xx_hal_cortex.o
 .debug_info    0x000000000000544c      0x928 system/src/stm32f4-hal/stm32f4xx_hal_gpio.o
 .debug_info    0x0000000000005d74      0xd8e system/src/stm32f4-hal/stm32f4xx_hal_rcc.o

.debug_abbrev   0x0000000000000000     0x1d3a
 *(.debug_abbrev)
 .debug_abbrev  0x0000000000000000      0x170 src/initialize-hardware.o
 .debug_abbrev  0x0000000000000170      0x151 src/led.o
 .debug_abbrev  0x00000000000002c1      0x105 src/main.o
 .debug_abbrev  0x00000000000003c6       0x47 src/stm32f4xx_hal_msp.o
 .debug_abbrev  0x000000000000040d      0x1f1 src/timer.o
 .debug_abbrev  0x00000000000005fe      0x11c system/src/cmsis/system_stm32f4xx.o
 .debug_abbrev  0x000000000000071a       0xa5 system/src/cmsis/vectors_stm32f429xx.o
 .debug_abbrev  0x00000000000007bf      0x267 system/src/cortexm/exception-handlers.o
 .debug_abbrev  0x0000000000000a26       0xe9 system/src/cortexm/initialize-hardware.o
 .debug_abbrev  0x0000000000000b0f      0x1eb system/src/diag/trace-impl.o
 .debug_abbrev  0x0000000000000cfa      0x173 system/src/diag/trace.o
 .debug_abbrev  0x0000000000000e6d       0x97 system/src/newlib/exit.o
 .debug_abbrev  0x0000000000000f04       0xcd system/src/newlib/sbrk.o
 .debug_abbrev  0x0000000000000fd1      0x1fa system/src/newlib/startup.o
 .debug_abbrev  0x00000000000011cb      0x10e system/src/newlib/syscalls.o
 .debug_abbrev  0x00000000000012d9      0x209 system/src/stm32f4-hal/stm32f4xx_hal.o
 .debug_abbrev  0x00000000000014e2      0x38a system/src/stm32f4-hal/stm32f4xx_hal_cortex.o
 .debug_abbrev  0x000000000000186c      0x22e system/src/stm32f4-hal/stm32f4xx_hal_gpio.o
 .debug_abbrev  0x0000000000001a9a      0x2a0 system/src/stm32f4-hal/stm32f4xx_hal_rcc.o

.debug_line     0x0000000000000000     0xb9c0
 *(.debug_line)
 .debug_line    0x0000000000000000      0xc3e src/initialize-hardware.o
 .debug_line    0x0000000000000c3e      0x8ec src/led.o
 .debug_line    0x000000000000152a      0xc42 src/main.o
 .debug_line    0x000000000000216c      0x8cf src/stm32f4xx_hal_msp.o
 .debug_line    0x0000000000002a3b      0x9a7 src/timer.o
 .debug_line    0x00000000000033e2      0x971 system/src/cmsis/system_stm32f4xx.o
 .debug_line    0x0000000000003d53      0x143 system/src/cmsis/vectors_stm32f429xx.o
 .debug_line    0x0000000000003e96      0xeaf system/src/cortexm/exception-handlers.o
 .debug_line    0x0000000000004d45      0x8df system/src/cortexm/initialize-hardware.o
 .debug_line    0x0000000000005624      0xc7b system/src/diag/trace-impl.o
 .debug_line    0x000000000000629f      0x4ee system/src/diag/trace.o
 .debug_line    0x000000000000678d      0x411 system/src/newlib/exit.o
 .debug_line    0x0000000000006b9e      0x3fb system/src/newlib/sbrk.o
 .debug_line    0x0000000000006f99      0x6e7 system/src/newlib/startup.o
 .debug_line    0x0000000000007680      0x535 system/src/newlib/syscalls.o
 .debug_line    0x0000000000007bb5      0xc4f system/src/stm32f4-hal/stm32f4xx_hal.o
 .debug_line    0x0000000000008804      0xf5f system/src/stm32f4-hal/stm32f4xx_hal_cortex.o
 .debug_line    0x0000000000009763      0xf63 system/src/stm32f4-hal/stm32f4xx_hal_gpio.o
 .debug_line    0x000000000000a6c6     0x12fa system/src/stm32f4-hal/stm32f4xx_hal_rcc.o

.debug_frame    0x0000000000000000      0xfa8
 *(.debug_frame)
 .debug_frame   0x0000000000000000       0x60 src/initialize-hardware.o
 .debug_frame   0x0000000000000060       0x5c src/led.o
 .debug_frame   0x00000000000000bc       0x2c src/main.o
 .debug_frame   0x00000000000000e8       0x50 src/stm32f4xx_hal_msp.o
 .debug_frame   0x0000000000000138       0x58 src/timer.o
 .debug_frame   0x0000000000000190       0x30 system/src/cmsis/system_stm32f4xx.o
 .debug_frame   0x00000000000001c0       0x20 system/src/cmsis/vectors_stm32f429xx.o
 .debug_frame   0x00000000000001e0      0x158 system/src/cortexm/exception-handlers.o
 .debug_frame   0x0000000000000338       0x40 system/src/cortexm/initialize-hardware.o
 .debug_frame   0x0000000000000378       0x64 system/src/diag/trace-impl.o
 .debug_frame   0x00000000000003dc       0x94 system/src/diag/trace.o
 .debug_frame   0x0000000000000470       0x38 system/src/newlib/exit.o
 .debug_frame   0x00000000000004a8       0x28 system/src/newlib/sbrk.o
 .debug_frame   0x00000000000004d0       0x7c system/src/newlib/startup.o
 .debug_frame   0x000000000000054c       0x50 system/src/newlib/syscalls.o
 .debug_frame   0x000000000000059c      0x210 system/src/stm32f4-hal/stm32f4xx_hal.o
 .debug_frame   0x00000000000007ac      0x19c system/src/stm32f4-hal/stm32f4xx_hal_cortex.o
 .debug_frame   0x0000000000000948       0xfc system/src/stm32f4-hal/stm32f4xx_hal_gpio.o
 .debug_frame   0x0000000000000a44      0x16c system/src/stm32f4-hal/stm32f4xx_hal_rcc.o
 .debug_frame   0x0000000000000bb0       0x2c /home/mint/Documents/gcc-arm-none-eabi-10.3-2021.10-x86_64-linux/gcc-arm-none-eabi-10.3-2021.10/bin/../lib/gcc/arm-none-eabi/10.3.1/thumb/v7e-m/nofp/libgcc.a(_aeabi_uldivmod.o)
 .debug_frame   0x0000000000000bdc       0x34 /home/mint/Documents/gcc-arm-none-eabi-10.3-2021.10-x86_64-linux/gcc-arm-none-eabi-10.3-2021.10/bin/../lib/gcc/arm-none-eabi/10.3.1/thumb/v7e-m/nofp/libgcc.a(_udivmoddi4.o)
 .debug_frame   0x0000000000000c10       0x20 /home/mint/Documents/gcc-arm-none-eabi-10.3-2021.10-x86_64-linux/gcc-arm-none-eabi-10.3-2021.10/bin/../lib/gcc/arm-none-eabi/10.3.1/../../../../arm-none-eabi/lib/thumb/v7e-m/nofp/libg_nano.a(lib_a-errno.o)
 .debug_frame   0x0000000000000c30       0x4c /home/mint/Documents/gcc-arm-none-eabi-10.3-2021.10-x86_64-linux/gcc-arm-none-eabi-10.3-2021.10/bin/../lib/gcc/arm-none-eabi/10.3.1/../../../../arm-none-eabi/lib/thumb/v7e-m/nofp/libg_nano.a(lib_a-vsnprintf.o)
 .debug_frame   0x0000000000000c7c       0x90 /home/mint/Documents/gcc-arm-none-eabi-10.3-2021.10-x86_64-linux/gcc-arm-none-eabi-10.3-2021.10/bin/../lib/gcc/arm-none-eabi/10.3.1/../../../../arm-none-eabi/lib/thumb/v7e-m/nofp/libg_nano.a(lib_a-nano-svfprintf.o)
 .debug_frame   0x0000000000000d0c       0x60 /home/mint/Documents/gcc-arm-none-eabi-10.3-2021.10-x86_64-linux/gcc-arm-none-eabi-10.3-2021.10/bin/../lib/gcc/arm-none-eabi/10.3.1/../../../../arm-none-eabi/lib/thumb/v7e-m/nofp/libg_nano.a(lib_a-nano-vfprintf_i.o)
 .debug_frame   0x0000000000000d6c       0x28 /home/mint/Documents/gcc-arm-none-eabi-10.3-2021.10-x86_64-linux/gcc-arm-none-eabi-10.3-2021.10/bin/../lib/gcc/arm-none-eabi/10.3.1/../../../../arm-none-eabi/lib/thumb/v7e-m/nofp/libg_nano.a(lib_a-memcpy-stub.o)
 .debug_frame   0x0000000000000d94       0x28 /home/mint/Documents/gcc-arm-none-eabi-10.3-2021.10-x86_64-linux/gcc-arm-none-eabi-10.3-2021.10/bin/../lib/gcc/arm-none-eabi/10.3.1/../../../../arm-none-eabi/lib/thumb/v7e-m/nofp/libg_nano.a(lib_a-memmove.o)
 .debug_frame   0x0000000000000dbc       0x38 /home/mint/Documents/gcc-arm-none-eabi-10.3-2021.10-x86_64-linux/gcc-arm-none-eabi-10.3-2021.10/bin/../lib/gcc/arm-none-eabi/10.3.1/../../../../arm-none-eabi/lib/thumb/v7e-m/nofp/libg_nano.a(lib_a-nano-freer.o)
 .debug_frame   0x0000000000000df4       0x4c /home/mint/Documents/gcc-arm-none-eabi-10.3-2021.10-x86_64-linux/gcc-arm-none-eabi-10.3-2021.10/bin/../lib/gcc/arm-none-eabi/10.3.1/../../../../arm-none-eabi/lib/thumb/v7e-m/nofp/libg_nano.a(lib_a-nano-mallocr.o)
 .debug_frame   0x0000000000000e40       0x3c /home/mint/Documents/gcc-arm-none-eabi-10.3-2021.10-x86_64-linux/gcc-arm-none-eabi-10.3-2021.10/bin/../lib/gcc/arm-none-eabi/10.3.1/../../../../arm-none-eabi/lib/thumb/v7e-m/nofp/libg_nano.a(lib_a-nano-reallocr.o)
 .debug_frame   0x0000000000000e7c       0x2c /home/mint/Documents/gcc-arm-none-eabi-10.3-2021.10-x86_64-linux/gcc-arm-none-eabi-10.3-2021.10/bin/../lib/gcc/arm-none-eabi/10.3.1/../../../../arm-none-eabi/lib/thumb/v7e-m/nofp/libg_nano.a(lib_a-sbrkr.o)
 .debug_frame   0x0000000000000ea8       0x30 /home/mint/Documents/gcc-arm-none-eabi-10.3-2021.10-x86_64-linux/gcc-arm-none-eabi-10.3-2021.10/bin/../lib/gcc/arm-none-eabi/10.3.1/../../../../arm-none-eabi/lib/thumb/v7e-m/nofp/libg_nano.a(lib_a-mlock.o)
 .debug_frame   0x0000000000000ed8       0x20 /home/mint/Documents/gcc-arm-none-eabi-10.3-2021.10-x86_64-linux/gcc-arm-none-eabi-10.3-2021.10/bin/../lib/gcc/arm-none-eabi/10.3.1/../../../../arm-none-eabi/lib/thumb/v7e-m/nofp/libg_nano.a(lib_a-nano-msizer.o)
 .debug_frame   0x0000000000000ef8       0xb0 /home/mint/Documents/gcc-arm-none-eabi-10.3-2021.10-x86_64-linux/gcc-arm-none-eabi-10.3-2021.10/bin/../lib/gcc/arm-none-eabi/10.3.1/../../../../arm-none-eabi/lib/thumb/v7e-m/nofp/libg_nano.a(lib_a-lock.o)

.debug_str      0x0000000000000000   0x10a861
 *(.debug_str)
 .debug_str     0x0000000000000000   0x1055c9 src/initialize-hardware.o
                                     0x1058eb (size before relaxing)
 .debug_str     0x00000000001055c9      0x1cb src/led.o
                                     0x1022ac (size before relaxing)
 .debug_str     0x0000000000105794     0x1871 src/main.o
                                     0x106f5f (size before relaxing)
 .debug_str     0x0000000000107005       0x57 src/stm32f4xx_hal_msp.o
                                     0x10201b (size before relaxing)
 .debug_str     0x000000000010705c      0x69f src/timer.o
                                     0x102744 (size before relaxing)
 .debug_str     0x00000000001076fb       0x7e system/src/cmsis/system_stm32f4xx.o
                                     0x1021dc (size before relaxing)
 .debug_str     0x0000000000107779       0x59 system/src/cmsis/vectors_stm32f429xx.o
                                       0x3856 (size before relaxing)
 .debug_str     0x00000000001077d2      0x441 system/src/cortexm/exception-handlers.o
                                     0x106ad1 (size before relaxing)
 .debug_str     0x0000000000107c13       0x58 system/src/cortexm/initialize-hardware.o
                                     0x1020db (size before relaxing)
 .debug_str     0x0000000000107c6b       0xa6 system/src/diag/trace-impl.o
                                     0x105953 (size before relaxing)
 .debug_str     0x0000000000107d11      0x151 system/src/diag/trace.o
                                       0x7f3c (size before relaxing)
 .debug_str     0x0000000000107e62       0x2d system/src/newlib/exit.o
                                       0x77b5 (size before relaxing)
 .debug_str     0x0000000000107e8f      0x4dd system/src/newlib/sbrk.o
                                       0x6b96 (size before relaxing)
 .debug_str     0x000000000010836c      0x294 system/src/newlib/startup.o
                                       0x6402 (size before relaxing)
 .debug_str     0x0000000000108600     0x14f4 system/src/newlib/syscalls.o
                                       0x80e3 (size before relaxing)
 .debug_str     0x0000000000109af4      0x65c system/src/stm32f4-hal/stm32f4xx_hal.o
                                     0x102dee (size before relaxing)
 .debug_str     0x000000000010a150      0x2fb system/src/stm32f4-hal/stm32f4xx_hal_cortex.o
                                     0x102aca (size before relaxing)
 .debug_str     0x000000000010a44b      0x1e2 system/src/stm32f4-hal/stm32f4xx_hal_gpio.o
                                     0x1023e0 (size before relaxing)
 .debug_str     0x000000000010a62d      0x234 system/src/stm32f4-hal/stm32f4xx_hal_rcc.o
                                     0x1025f2 (size before relaxing)

.debug_loc      0x0000000000000000     0x2493
 *(.debug_loc)
 .debug_loc     0x0000000000000000       0x64 src/initialize-hardware.o
 .debug_loc     0x0000000000000064       0x6d src/main.o
 .debug_loc     0x00000000000000d1       0x63 src/timer.o
 .debug_loc     0x0000000000000134      0x158 system/src/cmsis/system_stm32f4xx.o
 .debug_loc     0x000000000000028c      0x35c system/src/cortexm/exception-handlers.o
 .debug_loc     0x00000000000005e8      0x1a3 system/src/diag/trace-impl.o
 .debug_loc     0x000000000000078b      0x118 system/src/diag/trace.o
 .debug_loc     0x00000000000008a3       0x15 system/src/newlib/exit.o
 .debug_loc     0x00000000000008b8       0x97 system/src/newlib/sbrk.o
 .debug_loc     0x000000000000094f      0x49b system/src/newlib/startup.o
 .debug_loc     0x0000000000000dea       0x6f system/src/newlib/syscalls.o
 .debug_loc     0x0000000000000e59      0x130 system/src/stm32f4-hal/stm32f4xx_hal.o
 .debug_loc     0x0000000000000f89      0x92e system/src/stm32f4-hal/stm32f4xx_hal_cortex.o
 .debug_loc     0x00000000000018b7      0x66d system/src/stm32f4-hal/stm32f4xx_hal_gpio.o
 .debug_loc     0x0000000000001f24      0x56f system/src/stm32f4-hal/stm32f4xx_hal_rcc.o

.debug_macinfo
 *(.debug_macinfo)

.debug_weaknames
 *(.debug_weaknames)

.debug_funcnames
 *(.debug_funcnames)

.debug_typenames
 *(.debug_typenames)

.debug_varnames
 *(.debug_varnames)
OUTPUT(Sensor_Reading_LCD_Displaying.elf elf32-littlearm)
LOAD linker stubs

.debug_ranges   0x0000000000000000      0x588
 .debug_ranges  0x0000000000000000       0x20 src/initialize-hardware.o
 .debug_ranges  0x0000000000000020       0x20 src/led.o
 .debug_ranges  0x0000000000000040       0x10 src/main.o
 .debug_ranges  0x0000000000000050       0x28 src/stm32f4xx_hal_msp.o
 .debug_ranges  0x0000000000000078       0x28 src/timer.o
 .debug_ranges  0x00000000000000a0       0x18 system/src/cmsis/system_stm32f4xx.o
 .debug_ranges  0x00000000000000b8       0x10 system/src/cmsis/vectors_stm32f429xx.o
 .debug_ranges  0x00000000000000c8       0x98 system/src/cortexm/exception-handlers.o
 .debug_ranges  0x0000000000000160       0x18 system/src/cortexm/initialize-hardware.o
 .debug_ranges  0x0000000000000178       0x38 system/src/diag/trace-impl.o
 .debug_ranges  0x00000000000001b0       0x28 system/src/diag/trace.o
 .debug_ranges  0x00000000000001d8       0x18 system/src/newlib/exit.o
 .debug_ranges  0x00000000000001f0       0x10 system/src/newlib/sbrk.o
 .debug_ranges  0x0000000000000200       0x78 system/src/newlib/startup.o
 .debug_ranges  0x0000000000000278       0x20 system/src/newlib/syscalls.o
 .debug_ranges  0x0000000000000298       0xf0 system/src/stm32f4-hal/stm32f4xx_hal.o
 .debug_ranges  0x0000000000000388      0x128 system/src/stm32f4-hal/stm32f4xx_hal_cortex.o
 .debug_ranges  0x00000000000004b0       0x48 system/src/stm32f4-hal/stm32f4xx_hal_gpio.o
 .debug_ranges  0x00000000000004f8       0x90 system/src/stm32f4-hal/stm32f4xx_hal_rcc.o

.debug_macro    0x0000000000000000    0x2cec0
 .debug_macro   0x0000000000000000      0x50c src/initialize-hardware.o
 .debug_macro   0x000000000000050c      0xa7e src/initialize-hardware.o
 .debug_macro   0x0000000000000f8a       0x2e src/initialize-hardware.o
 .debug_macro   0x0000000000000fb8       0x28 src/initialize-hardware.o
 .debug_macro   0x0000000000000fe0      0x34e src/initialize-hardware.o
 .debug_macro   0x000000000000132e       0x1c src/initialize-hardware.o
 .debug_macro   0x000000000000134a       0x22 src/initialize-hardware.o
 .debug_macro   0x000000000000136c       0xd9 src/initialize-hardware.o
 .debug_macro   0x0000000000001445     0x102d src/initialize-hardware.o
 .debug_macro   0x0000000000002472      0x11f src/initialize-hardware.o
 .debug_macro   0x0000000000002591    0x17f69 src/initialize-hardware.o
 .debug_macro   0x000000000001a4fa       0x43 src/initialize-hardware.o
 .debug_macro   0x000000000001a53d      0x3a2 src/initialize-hardware.o
 .debug_macro   0x000000000001a8df     0x36c9 src/initialize-hardware.o
 .debug_macro   0x000000000001dfa8      0x174 src/initialize-hardware.o
 .debug_macro   0x000000000001e11c       0x5a src/initialize-hardware.o
 .debug_macro   0x000000000001e176      0xca5 src/initialize-hardware.o
 .debug_macro   0x000000000001ee1b      0x9fe src/initialize-hardware.o
 .debug_macro   0x000000000001f819      0x117 src/initialize-hardware.o
 .debug_macro   0x000000000001f930      0x157 src/initialize-hardware.o
 .debug_macro   0x000000000001fa87       0x27 src/initialize-hardware.o
 .debug_macro   0x000000000001faae      0x182 src/initialize-hardware.o
 .debug_macro   0x000000000001fc30      0x287 src/initialize-hardware.o
 .debug_macro   0x000000000001feb7       0x5f src/initialize-hardware.o
 .debug_macro   0x000000000001ff16      0x236 src/initialize-hardware.o
 .debug_macro   0x000000000002014c      0x391 src/initialize-hardware.o
 .debug_macro   0x00000000000204dd      0x184 src/initialize-hardware.o
 .debug_macro   0x0000000000020661       0xf9 src/initialize-hardware.o
 .debug_macro   0x000000000002075a      0x40f src/initialize-hardware.o
 .debug_macro   0x0000000000020b69       0x22 src/initialize-hardware.o
 .debug_macro   0x0000000000020b8b      0x20f src/initialize-hardware.o
 .debug_macro   0x0000000000020d9a       0xea src/initialize-hardware.o
 .debug_macro   0x0000000000020e84       0xa0 src/initialize-hardware.o
 .debug_macro   0x0000000000020f24       0x3c src/initialize-hardware.o
 .debug_macro   0x0000000000020f60       0x1f src/initialize-hardware.o
 .debug_macro   0x0000000000020f7f      0x1d2 src/initialize-hardware.o
 .debug_macro   0x0000000000021151      0xccf src/initialize-hardware.o
 .debug_macro   0x0000000000021e20      0x132 src/initialize-hardware.o
 .debug_macro   0x0000000000021f52      0x41d src/initialize-hardware.o
 .debug_macro   0x000000000002236f       0x2e src/initialize-hardware.o
 .debug_macro   0x000000000002239d      0x582 src/initialize-hardware.o
 .debug_macro   0x000000000002291f       0x88 src/initialize-hardware.o
 .debug_macro   0x00000000000229a7       0xea src/initialize-hardware.o
 .debug_macro   0x0000000000022a91      0x184 src/initialize-hardware.o
 .debug_macro   0x0000000000022c15       0x11 src/initialize-hardware.o
 .debug_macro   0x0000000000022c26      0x1b5 src/initialize-hardware.o
 .debug_macro   0x0000000000022ddb       0x22 src/initialize-hardware.o
 .debug_macro   0x0000000000022dfd       0xd6 src/initialize-hardware.o
 .debug_macro   0x0000000000022ed3      0x279 src/initialize-hardware.o
 .debug_macro   0x000000000002314c      0x1a7 src/initialize-hardware.o
 .debug_macro   0x00000000000232f3       0x46 src/initialize-hardware.o
 .debug_macro   0x0000000000023339       0x4a src/initialize-hardware.o
 .debug_macro   0x0000000000023383       0x78 src/initialize-hardware.o
 .debug_macro   0x00000000000233fb      0x198 src/initialize-hardware.o
 .debug_macro   0x0000000000023593       0xd6 src/initialize-hardware.o
 .debug_macro   0x0000000000023669      0x11a src/initialize-hardware.o
 .debug_macro   0x0000000000023783       0xe2 src/initialize-hardware.o
 .debug_macro   0x0000000000023865       0x89 src/initialize-hardware.o
 .debug_macro   0x00000000000238ee       0xa4 src/initialize-hardware.o
 .debug_macro   0x0000000000023992      0x31a src/initialize-hardware.o
 .debug_macro   0x0000000000023cac      0x405 src/initialize-hardware.o
 .debug_macro   0x00000000000240b1       0xe4 src/initialize-hardware.o
 .debug_macro   0x0000000000024195      0x383 src/initialize-hardware.o
 .debug_macro   0x0000000000024518       0x28 src/initialize-hardware.o
 .debug_macro   0x0000000000024540       0xc8 src/initialize-hardware.o
 .debug_macro   0x0000000000024608      0x861 src/initialize-hardware.o
 .debug_macro   0x0000000000024e69      0x1d5 src/initialize-hardware.o
 .debug_macro   0x000000000002503e      0x225 src/initialize-hardware.o
 .debug_macro   0x0000000000025263      0x8a0 src/initialize-hardware.o
 .debug_macro   0x0000000000025b03       0x47 src/initialize-hardware.o
 .debug_macro   0x0000000000025b4a      0x287 src/initialize-hardware.o
 .debug_macro   0x0000000000025dd1      0x217 src/initialize-hardware.o
 .debug_macro   0x0000000000025fe8      0x1b5 src/initialize-hardware.o
 .debug_macro   0x000000000002619d      0x2db src/initialize-hardware.o
 .debug_macro   0x0000000000026478       0x8d src/initialize-hardware.o
 .debug_macro   0x0000000000026505      0x21e src/initialize-hardware.o
 .debug_macro   0x0000000000026723       0xba src/initialize-hardware.o
 .debug_macro   0x00000000000267dd       0x6e src/initialize-hardware.o
 .debug_macro   0x000000000002684b      0x1e9 src/initialize-hardware.o
 .debug_macro   0x0000000000026a34      0x134 src/initialize-hardware.o
 .debug_macro   0x0000000000026b68       0x22 src/initialize-hardware.o
 .debug_macro   0x0000000000026b8a       0x5e src/initialize-hardware.o
 .debug_macro   0x0000000000026be8       0x18 src/initialize-hardware.o
 .debug_macro   0x0000000000026c00       0x94 src/initialize-hardware.o
 .debug_macro   0x0000000000026c94       0x35 src/initialize-hardware.o
 .debug_macro   0x0000000000026cc9       0x34 src/initialize-hardware.o
 .debug_macro   0x0000000000026cfd       0x10 src/initialize-hardware.o
 .debug_macro   0x0000000000026d0d       0x57 src/initialize-hardware.o
 .debug_macro   0x0000000000026d64       0x35 src/initialize-hardware.o
 .debug_macro   0x0000000000026d99      0x341 src/initialize-hardware.o
 .debug_macro   0x00000000000270da       0x10 src/initialize-hardware.o
 .debug_macro   0x00000000000270ea       0x16 src/initialize-hardware.o
 .debug_macro   0x0000000000027100       0x43 src/initialize-hardware.o
 .debug_macro   0x0000000000027143       0x34 src/initialize-hardware.o
 .debug_macro   0x0000000000027177       0x6a src/initialize-hardware.o
 .debug_macro   0x00000000000271e1       0x1c src/initialize-hardware.o
 .debug_macro   0x00000000000271fd       0x52 src/initialize-hardware.o
 .debug_macro   0x000000000002724f       0x22 src/initialize-hardware.o
 .debug_macro   0x0000000000027271       0x10 src/initialize-hardware.o
 .debug_macro   0x0000000000027281       0x52 src/initialize-hardware.o
 .debug_macro   0x00000000000272d3       0xd5 src/initialize-hardware.o
 .debug_macro   0x00000000000273a8       0x1c src/initialize-hardware.o
 .debug_macro   0x00000000000273c4       0x3d src/initialize-hardware.o
 .debug_macro   0x0000000000027401      0x51a src/initialize-hardware.o
 .debug_macro   0x000000000002791b      0x3d6 src/led.o
 .debug_macro   0x0000000000027cf1       0x28 src/led.o
 .debug_macro   0x0000000000027d19      0x5cf src/main.o
 .debug_macro   0x00000000000282e8       0x16 src/main.o
 .debug_macro   0x00000000000282fe       0x97 src/main.o
 .debug_macro   0x0000000000028395       0xfd src/main.o
 .debug_macro   0x0000000000028492       0x10 src/main.o
 .debug_macro   0x00000000000284a2       0x10 src/main.o
 .debug_macro   0x00000000000284b2       0x58 src/main.o
 .debug_macro   0x000000000002850a      0x182 src/main.o
 .debug_macro   0x000000000002868c       0x16 src/main.o
 .debug_macro   0x00000000000286a2      0x16f src/main.o
 .debug_macro   0x0000000000028811       0x16 src/main.o
 .debug_macro   0x0000000000028827       0x16 src/main.o
 .debug_macro   0x000000000002883d       0x29 src/main.o
 .debug_macro   0x0000000000028866       0x16 src/main.o
 .debug_macro   0x000000000002887c       0x54 src/main.o
 .debug_macro   0x00000000000288d0       0x2e src/main.o
 .debug_macro   0x00000000000288fe      0x3c7 src/stm32f4xx_hal_msp.o
 .debug_macro   0x0000000000028cc5      0x3ea src/timer.o
 .debug_macro   0x00000000000290af       0x10 src/timer.o
 .debug_macro   0x00000000000290bf      0x3cd system/src/cmsis/system_stm32f4xx.o
 .debug_macro   0x000000000002948c       0x34 system/src/cmsis/vectors_stm32f429xx.o
 .debug_macro   0x00000000000294c0      0x585 system/src/cortexm/exception-handlers.o
 .debug_macro   0x0000000000029a45       0x22 system/src/cortexm/exception-handlers.o
 .debug_macro   0x0000000000029a67       0x10 system/src/cortexm/exception-handlers.o
 .debug_macro   0x0000000000029a77      0x3d1 system/src/cortexm/initialize-hardware.o
 .debug_macro   0x0000000000029e48      0x527 system/src/diag/trace-impl.o
 .debug_macro   0x000000000002a36f      0x1f5 system/src/diag/trace.o
 .debug_macro   0x000000000002a564       0x4c system/src/diag/trace.o
 .debug_macro   0x000000000002a5b0       0x16 system/src/diag/trace.o
 .debug_macro   0x000000000002a5c6      0x1ae system/src/newlib/exit.o
 .debug_macro   0x000000000002a774      0x163 system/src/newlib/sbrk.o
 .debug_macro   0x000000000002a8d7       0x10 system/src/newlib/sbrk.o
 .debug_macro   0x000000000002a8e7      0x23b system/src/newlib/sbrk.o
 .debug_macro   0x000000000002ab22      0x15f system/src/newlib/startup.o
 .debug_macro   0x000000000002ac81      0xa84 system/src/newlib/startup.o
 .debug_macro   0x000000000002b705      0x220 system/src/newlib/syscalls.o
 .debug_macro   0x000000000002b925       0x1c system/src/newlib/syscalls.o
 .debug_macro   0x000000000002b941       0x10 system/src/newlib/syscalls.o
 .debug_macro   0x000000000002b951       0x10 system/src/newlib/syscalls.o
 .debug_macro   0x000000000002b961       0x10 system/src/newlib/syscalls.o
 .debug_macro   0x000000000002b971       0x35 system/src/newlib/syscalls.o
 .debug_macro   0x000000000002b9a6      0x12c system/src/newlib/syscalls.o
 .debug_macro   0x000000000002bad2       0xce system/src/newlib/syscalls.o
 .debug_macro   0x000000000002bba0       0x7c system/src/newlib/syscalls.o
 .debug_macro   0x000000000002bc1c       0x17 system/src/newlib/syscalls.o
 .debug_macro   0x000000000002bc33      0x118 system/src/newlib/syscalls.o
 .debug_macro   0x000000000002bd4b      0x189 system/src/newlib/syscalls.o
 .debug_macro   0x000000000002bed4       0x16 system/src/newlib/syscalls.o
 .debug_macro   0x000000000002beea      0x427 system/src/stm32f4-hal/stm32f4xx_hal.o
 .debug_macro   0x000000000002c311      0x3c7 system/src/stm32f4-hal/stm32f4xx_hal_cortex.o
 .debug_macro   0x000000000002c6d8      0x3fd system/src/stm32f4-hal/stm32f4xx_hal_gpio.o
 .debug_macro   0x000000000002cad5      0x3eb system/src/stm32f4-hal/stm32f4xx_hal_rcc.o
